src/components/VideoPlayer.tsx(6,28): error TS2614: Module '"react-player"' has no exported member 'ReactPlayerProps'. Did you mean to use 'import ReactPlayerProps from "react-player"' instead?
src/components/VideoPlayer.tsx(24,23): error TS2749: 'ReactPlayer' refers to a value, but is being used as a type here. Did you mean 'typeof ReactPlayer'?
src/components/VideoPlayer.tsx(190,11): error TS2322: Type '(progress: { playedSeconds: number; }) => void' is not assignable to type 'ReactEventHandler<HTMLVideoElement>'.
  Types of parameters 'progress' and 'event' are incompatible.
    Property 'playedSeconds' is missing in type 'SyntheticEvent<HTMLVideoElement, Event>' but required in type '{ playedSeconds: number; }'.
src/components/WalletAuth.tsx(80,11): error TS2339: Property 'info' does not exist on type '{ (message: Message, opts?: Partial<Pick<Toast, "className" | "id" | "icon" | "duration" | "ariaProps" | "style" | "position" | "iconTheme" | "toasterId" | "removeDelay">> | undefined): string; ... 8 more ...; promise<T>(promise: Promise<...> | (() => Promise<...>), msgs: { ...; }, opts?: DefaultToastOptions | undef...'.
